src/lib/twilio/lookup-service.ts(24,22): error TS2769: No overload matches this call.
  Overload 1 of 2, '(callback?: ((error: Error | null, item?: PhoneNumberInstance | undefined) => any) | undefined): Promise<PhoneNumberInstance>', gave the following error.
    Object literal may only specify known properties, and 'fields' does not exist in type '(error: Error | null, item?: PhoneNumberInstance | undefined) => any'.
  Overload 2 of 2, '(params: PhoneNumberContextFetchOptions, callback?: ((error: Error | null, item?: PhoneNumberInstance | undefined) => any) | undefined): Promise<...>', gave the following error.
    Type 'string[]' is not assignable to type 'string'.
src/lib/twilio/lookup-service.ts(31,54): error TS2551: Property 'carrier_name' does not exist on type 'LineTypeIntelligenceInfo'. Did you mean 'carrierName'?
src/lib/twilio/lookup-service.ts(34,47): error TS2551: Property 'caller_name' does not exist on type 'CallerNameInfo'. Did you mean 'callerName'?
